Traceback (most recent call last):
  File "/opt/hostedtoolcache/Python/3.11.15/x64/lib/python3.11/site-packages/jupyter_cache/executors/utils.py", line 58, in single_nb_execution
    executenb(
  File "/opt/hostedtoolcache/Python/3.11.15/x64/lib/python3.11/site-packages/nbclient/client.py", line 1323, in execute
    return NotebookClient(nb=nb, resources=resources, km=km, **kwargs).execute()
           ^^^^^^^^^^^^^^^^^^^^^^^^^^^^^^^^^^^^^^^^^^^^^^^^^^^^^^^^^^^^^^^^^^^^^
  File "/opt/hostedtoolcache/Python/3.11.15/x64/lib/python3.11/site-packages/jupyter_core/utils/__init__.py", line 165, in wrapped
    return loop.run_until_complete(inner)
           ^^^^^^^^^^^^^^^^^^^^^^^^^^^^^^
  File "/opt/hostedtoolcache/Python/3.11.15/x64/lib/python3.11/asyncio/base_events.py", line 654, in run_until_complete
    return future.result()
           ^^^^^^^^^^^^^^^
  File "/opt/hostedtoolcache/Python/3.11.15/x64/lib/python3.11/site-packages/nbclient/client.py", line 709, in async_execute
    await self.async_execute_cell(
  File "/opt/hostedtoolcache/Python/3.11.15/x64/lib/python3.11/site-packages/nbclient/client.py", line 1062, in async_execute_cell
    await self._check_raise_for_error(cell, cell_index, exec_reply)
  File "/opt/hostedtoolcache/Python/3.11.15/x64/lib/python3.11/site-packages/nbclient/client.py", line 918, in _check_raise_for_error
    raise CellExecutionError.from_cell_and_msg(cell, exec_reply_content)
nbclient.exceptions.CellExecutionError: An error occurred while executing the following cell:
------------------
# Visualise the initial guess and the data

fig, ax = plt.subplots()

data_kwargs = {"alpha": 0.5, "color": "gray"}
ax.annotate("Data", (13.0, 30.0), **data_kwargs)
solution = solve_save_at(theta_true)
ax = plot_solution(solution, ax=ax, **data_kwargs)

guess_kwargs = {"color": "C3"}
ax.annotate("Initial guess", (7.5, 20.0), **guess_kwargs)
solution = solve_save_at(theta_guess)
ax = plot_solution(solution, ax=ax, **guess_kwargs)
plt.show()
------------------


[31m---------------------------------------------------------------------------[39m
[31mAttributeError[39m                            Traceback (most recent call last)
[36mCell[39m[36m [39m[32mIn[6][39m[32m, line 7[39m
[32m      3[39m fig, ax = plt.subplots()
[32m      4[39m 
[32m      5[39m data_kwargs = {[33m"alpha"[39m: [32m0.5[39m, [33m"color"[39m: [33m"gray"[39m}
[32m      6[39m ax.annotate([33m"Data"[39m, ([32m13.0[39m, [32m30.0[39m), **data_kwargs)
[32m----> [39m[32m7[39m solution = solve_save_at(theta_true)
[32m      8[39m ax = plot_solution(solution, ax=ax, **data_kwargs)
[32m      9[39m 
[32m     10[39m guess_kwargs = {[33m"color"[39m: [33m"C3"[39m}

    [31m[... skipping hidden 5 frame][39m

[36mCell[39m[36m [39m[32mIn[5][39m[32m, line 11[39m, in [36msolve_adaptive[39m[34m(theta, save_at)[39m
[32m      9[39m @jax.jit
[32m     10[39m [38;5;28;01mdef[39;00m solve_adaptive(theta, *, save_at):
[32m---> [39m[32m11[39m     return solution_routines.solve_and_save_at(
[32m     12[39m         vf, initial_values=(theta,), save_at=save_at, solver=solver
[32m     13[39m     )

[36mFile [39m[32m/opt/hostedtoolcache/Python/3.11.15/x64/lib/python3.11/site-packages/probdiffeq/solution_routines.py:93[39m, in [36msolve_and_save_at[39m[34m(vector_field, initial_values, save_at, solver, parameters, taylor_fn, while_loop_fn_temporal, while_loop_fn_per_step, **options)[39m
[32m     84[39m num_derivatives = solver.strategy.implementation.extrapolation.num_derivatives
[32m     85[39m taylor_coefficients = taylor_fn(
[32m     86[39m     vector_field=jax.tree_util.Partial(vector_field),
[32m     87[39m     initial_values=initial_values,
[32m   (...)[39m[32m     90[39m     parameters=parameters,
[32m     91[39m )
[32m---> [39m[32m93[39m [38;5;28;01mreturn[39;00m [30;43m_solution_routines_impl[39;49m[30;43m.[39;49m[30;43msolve_and_save_at[39;49m[30;43m([39;49m
[32m     94[39m [30;43m    [39;49m[30;43mjax[39;49m[30;43m.[39;49m[30;43mtree_util[39;49m[30;43m.[39;49m[30;43mPartial[39;49m[30;43m([39;49m[30;43mvector_field[39;49m[30;43m)[39;49m[30;43m,[39;49m
[32m     95[39m [30;43m    [39;49m[30;43mtaylor_coefficients[39;49m[30;43m=[39;49m[30;43mtaylor_coefficients[39;49m[30;43m,[39;49m
[32m     96[39m [30;43m    [39;49m[30;43msave_at[39;49m[30;43m=[39;49m[30;43msave_at[39;49m[30;43m,[39;49m
[32m     97[39m [30;43m    [39;49m[30;43msolver[39;49m[30;43m=[39;49m[30;43msolver[39;49m[30;43m,[39;49m
[32m     98[39m [30;43m    [39;49m[30;43mparameters[39;49m[30;43m=[39;49m[30;43mparameters[39;49m[30;43m,[39;49m
[32m     99[39m [30;43m    [39;49m[30;43mwhile_loop_fn_temporal[39;49m[30;43m=[39;49m[30;43mwhile_loop_fn_temporal[39;49m[30;43m,[39;49m
[32m    100[39m [30;43m    [39;49m[30;43mwhile_loop_fn_per_step[39;49m[30;43m=[39;49m[30;43mwhile_loop_fn_per_step[39;49m[30;43m,[39;49m
[32m    101[39m [30;43m    [39;49m[30;43m*[39;49m[30;43m*[39;49m[30;43moptions[39;49m[30;43m,[39;49m
[32m    102[39m [30;43m[39;49m[30;43m)[39;49m

[36mFile [39m[32m/opt/hostedtoolcache/Python/3.11.15/x64/lib/python3.11/site-packages/probdiffeq/_solution_routines_impl.py:67[39m, in [36msolve_and_save_at[39m[34m(vector_field, taylor_coefficients, save_at, solver, parameters, while_loop_fn_temporal, while_loop_fn_per_step, **options)[39m
[32m     64[39m t0 = save_at[[32m0[39m]
[32m     65[39m state0 = adaptive_solver.init_fn(taylor_coefficients=taylor_coefficients, t0=t0)
[32m---> [39m[32m67[39m _, solution = [30;43m_control_flow[39;49m[30;43m.[39;49m[30;43mscan_with_init[39;49m[30;43m([39;49m
[32m     68[39m [30;43m    [39;49m[30;43mf[39;49m[30;43m=[39;49m[30;43madvance_to_next_checkpoint[39;49m[30;43m,[39;49m
[32m     69[39m [30;43m    [39;49m[30;43minit[39;49m[30;43m=[39;49m[30;43mstate0[39;49m[30;43m,[39;49m
[32m     70[39m [30;43m    [39;49m[30;43mxs[39;49m[30;43m=[39;49m[30;43msave_at[39;49m[30;43m[[39;49m[30;43m1[39;49m[30;43m:[39;49m[30;43m][39;49m[30;43m,[39;49m
[32m     71[39m [30;43m    [39;49m[30;43mreverse[39;49m[30;43m=[39;49m[30;43;01mFalse[39;49;00m[30;43m,[39;49m
[32m     72[39m [30;43m[39;49m[30;43m)[39;49m
[32m     73[39m [38;5;28;01mreturn[39;00m adaptive_solver.extract_fn(state=solution)

[36mFile [39m[32m/opt/hostedtoolcache/Python/3.11.15/x64/lib/python3.11/site-packages/probdiffeq/_control_flow.py:17[39m, in [36mscan_with_init[39m[34m(f, init, xs, reverse)[39m
[32m     10[39m [38;5;28;01mdef[39;00m[38;5;250m [39m[34mscan_with_init[39m(*, f, init, xs, reverse=[38;5;28;01mFalse[39;00m):
[32m     11[39m [38;5;250m    [39m[33;03m"""Scan, but include the ``init`` parameter into the output.[39;00m
[32m     12[39m 
[32m     13[39m [33;03m    Often, we loop over grid-points but the initial state is part of[39;00m
[32m     14[39m [33;03m    what we consider a solution. For instance, solve_and_save_at does this.[39;00m
[32m     15[39m [33;03m    But backwards-marginalisation or sampling do as well.[39;00m
[32m     16[39m [33;03m    """[39;00m
[32m---> [39m[32m17[39m     carry, ys = [30;43mjax[39;49m[30;43m.[39;49m[30;43mlax[39;49m[30;43m.[39;49m[30;43mscan[39;49m[30;43m([39;49m[30;43mf[39;49m[30;43m=[39;49m[30;43mf[39;49m[30;43m,[39;49m[30;43m [39;49m[30;43minit[39;49m[30;43m=[39;49m[30;43minit[39;49m[30;43m,[39;49m[30;43m [39;49m[30;43mxs[39;49m[30;43m=[39;49m[30;43mxs[39;49m[30;43m,[39;49m[30;43m [39;49m[30;43mreverse[39;49m[30;43m=[39;49m[30;43mreverse[39;49m[30;43m)[39;49m
[32m     18[39m     init_broadcast = jax.tree_util.tree_map([38;5;28;01mlambda[39;00m x: jnp.asarray(x)[[38;5;28;01mNone[39;00m, ...], init)
[32m     20[39m     [38;5;28;01mdef[39;00m[38;5;250m [39m[34mstack[39m(x):

    [31m[... skipping hidden 4 frame][39m

[36mFile [39m[32m/opt/hostedtoolcache/Python/3.11.15/x64/lib/python3.11/site-packages/probdiffeq/_solution_routines_impl.py:54[39m, in [36msolve_and_save_at.<locals>.advance_to_next_checkpoint[39m[34m(s, t_next)[39m
[32m     53[39m [38;5;28;01mdef[39;00m[38;5;250m [39m[34madvance_to_next_checkpoint[39m(s, t_next):
[32m---> [39m[32m54[39m     s_next = [30;43m_advance_ivp_solution_adaptively[39;49m[30;43m([39;49m
[32m     55[39m [30;43m        [39;49m[30;43mstate0[39;49m[30;43m=[39;49m[30;43ms[39;49m[30;43m,[39;49m
[32m     56[39m [30;43m        [39;49m[30;43mt1[39;49m[30;43m=[39;49m[30;43mt_next[39;49m[30;43m,[39;49m
[32m     57[39m [30;43m        [39;49m[30;43mvector_field[39;49m[30;43m=[39;49m[30;43mvector_field[39;49m[30;43m,[39;49m
[32m     58[39m [30;43m        [39;49m[30;43madaptive_solver[39;49m[30;43m=[39;49m[30;43madaptive_solver[39;49m[30;43m,[39;49m
[32m     59[39m [30;43m        [39;49m[30;43mparameters[39;49m[30;43m=[39;49m[30;43mparameters[39;49m[30;43m,[39;49m
[32m     60[39m [30;43m        [39;49m[30;43mwhile_loop_fn[39;49m[30;43m=[39;49m[30;43mwhile_loop_fn_temporal[39;49m[30;43m,[39;49m
[32m     61[39m [30;43m    [39;49m[30;43m)[39;49m
[32m     62[39m     [38;5;28;01mreturn[39;00m s_next, s_next

[36mFile [39m[32m/opt/hostedtoolcache/Python/3.11.15/x64/lib/python3.11/site-packages/probdiffeq/_solution_routines_impl.py:90[39m, in [36m_advance_ivp_solution_adaptively[39m[34m(vector_field, t1, state0, adaptive_solver, parameters, while_loop_fn)[39m
[32m     85[39m     state = adaptive_solver.step_fn(
[32m     86[39m         state=s, vector_field=vector_field, t1=t1, parameters=parameters
[32m     87[39m     )
[32m     88[39m     [38;5;28;01mreturn[39;00m state
[32m---> [39m[32m90[39m sol = [30;43mwhile_loop_fn[39;49m[30;43m([39;49m
[32m     91[39m [30;43m    [39;49m[30;43mcond_fun[39;49m[30;43m=[39;49m[30;43mcond_fun[39;49m[30;43m,[39;49m
[32m     92[39m [30;43m    [39;49m[30;43mbody_fun[39;49m[30;43m=[39;49m[30;43mbody_fun[39;49m[30;43m,[39;49m
[32m     93[39m [30;43m    [39;49m[30;43minit_val[39;49m[30;43m=[39;49m[30;43mstate0[39;49m[30;43m,[39;49m
[32m     94[39m [30;43m[39;49m[30;43m)[39;49m
[32m     95[39m [38;5;28;01mreturn[39;00m sol

    [31m[... skipping hidden 4 frame][39m

[36mFile [39m[32m/opt/hostedtoolcache/Python/3.11.15/x64/lib/python3.11/site-packages/probdiffeq/_solution_routines_impl.py:85[39m, in [36m_advance_ivp_solution_adaptively.<locals>.body_fun[39m[34m(s)[39m
[32m     84[39m [38;5;28;01mdef[39;00m[38;5;250m [39m[34mbody_fun[39m(s):
[32m---> [39m[32m85[39m     state = [30;43madaptive_solver[39;49m[30;43m.[39;49m[30;43mstep_fn[39;49m[30;43m([39;49m
[32m     86[39m [30;43m        [39;49m[30;43mstate[39;49m[30;43m=[39;49m[30;43ms[39;49m[30;43m,[39;49m[30;43m [39;49m[30;43mvector_field[39;49m[30;43m=[39;49m[30;43mvector_field[39;49m[30;43m,[39;49m[30;43m [39;49m[30;43mt1[39;49m[30;43m=[39;49m[30;43mt1[39;49m[30;43m,[39;49m[30;43m [39;49m[30;43mparameters[39;49m[30;43m=[39;49m[30;43mparameters[39;49m
[32m     87[39m [30;43m    [39;49m[30;43m)[39;49m
[32m     88[39m     [38;5;28;01mreturn[39;00m state

    [31m[... skipping hidden 5 frame][39m

[36mFile [39m[32m/opt/hostedtoolcache/Python/3.11.15/x64/lib/python3.11/site-packages/probdiffeq/_adaptive.py:200[39m, in [36mAdaptiveIVPSolver.step_fn[39m[34m(self, state, vector_field, t1, parameters)[39m
[32m    198[39m [38;5;250m[39m[33;03m"""Perform a full step (including acceptance/rejection)."""[39;00m
[32m    199[39m enter_rejection_loop = state.accepted.t + [38;5;28mself[39m.numerical_zero < t1
[32m--> [39m[32m200[39m state = [30;43mjax[39;49m[30;43m.[39;49m[30;43mlax[39;49m[30;43m.[39;49m[30;43mcond[39;49m[30;43m([39;49m
[32m    201[39m [30;43m    [39;49m[30;43menter_rejection_loop[39;49m[30;43m,[39;49m
[32m    202[39m [30;43m    [39;49m[30;43;01mlambda[39;49;00m[30;43m [39;49m[30;43ms[39;49m[30;43m:[39;49m[30;43m [39;49m[30;43mself[39;49m[30;43m.[39;49m[30;43m_rejection_loop[39;49m[30;43m([39;49m
[32m    203[39m [30;43m        [39;49m[30;43mstate0[39;49m[30;43m=[39;49m[30;43ms[39;49m[30;43m,[39;49m[30;43m [39;49m[30;43mvector_field[39;49m[30;43m=[39;49m[30;43mvector_field[39;49m[30;43m,[39;49m[30;43m [39;49m[30;43mt1[39;49m[30;43m=[39;49m[30;43mt1[39;49m[30;43m,[39;49m[30;43m [39;49m[30;43mparameters[39;49m[30;43m=[39;49m[30;43mparameters[39;49m
[32m    204[39m [30;43m    [39;49m[30;43m)[39;49m[30;43m,[39;49m
[32m    205[39m [30;43m    [39;49m[30;43;01mlambda[39;49;00m[30;43m [39;49m[30;43ms[39;49m[30;43m:[39;49m[30;43m [39;49m[30;43ms[39;49m[30;43m,[39;49m
[32m    206[39m [30;43m    [39;49m[30;43mstate[39;49m[30;43m,[39;49m
[32m    207[39m [30;43m[39;49m[30;43m)[39;49m
[32m    208[39m state = jax.lax.cond(
[32m    209[39m     state.accepted.t + [38;5;28mself[39m.numerical_zero >= t1,
[32m    210[39m     [38;5;28;01mlambda[39;00m s: [38;5;28mself[39m._interpolate(state=s, t=t1),
[32m    211[39m     [38;5;28;01mlambda[39;00m s: s,
[32m    212[39m     state,
[32m    213[39m )
[32m    214[39m [38;5;28;01mreturn[39;00m state

    [31m[... skipping hidden 3 frame][39m

[36mFile [39m[32m/opt/hostedtoolcache/Python/3.11.15/x64/lib/python3.11/site-packages/probdiffeq/_adaptive.py:202[39m, in [36mAdaptiveIVPSolver.step_fn.<locals>.<lambda>[39m[34m(s)[39m
[32m    198[39m [38;5;250m[39m[33;03m"""Perform a full step (including acceptance/rejection)."""[39;00m
[32m    199[39m enter_rejection_loop = state.accepted.t + [38;5;28mself[39m.numerical_zero < t1
[32m    200[39m state = jax.lax.cond(
[32m    201[39m     enter_rejection_loop,
[32m--> [39m[32m202[39m     [38;5;28;01mlambda[39;00m s: [30;43mself[39;49m[30;43m.[39;49m[30;43m_rejection_loop[39;49m[30;43m([39;49m
[32m    203[39m [30;43m        [39;49m[30;43mstate0[39;49m[30;43m=[39;49m[30;43ms[39;49m[30;43m,[39;49m[30;43m [39;49m[30;43mvector_field[39;49m[30;43m=[39;49m[30;43mvector_field[39;49m[30;43m,[39;49m[30;43m [39;49m[30;43mt1[39;49m[30;43m=[39;49m[30;43mt1[39;49m[30;43m,[39;49m[30;43m [39;49m[30;43mparameters[39;49m[30;43m=[39;49m[30;43mparameters[39;49m
[32m    204[39m [30;43m    [39;49m[30;43m)[39;49m,
[32m    205[39m     [38;5;28;01mlambda[39;00m s: s,
[32m    206[39m     state,
[32m    207[39m )
[32m    208[39m state = jax.lax.cond(
[32m    209[39m     state.accepted.t + [38;5;28mself[39m.numerical_zero >= t1,
[32m    210[39m     [38;5;28;01mlambda[39;00m s: [38;5;28mself[39m._interpolate(state=s, t=t1),
[32m    211[39m     [38;5;28;01mlambda[39;00m s: s,
[32m    212[39m     state,
[32m    213[39m )
[32m    214[39m [38;5;28;01mreturn[39;00m state

[36mFile [39m[32m/opt/hostedtoolcache/Python/3.11.15/x64/lib/python3.11/site-packages/probdiffeq/_adaptive.py:235[39m, in [36mAdaptiveIVPSolver._rejection_loop[39m[34m(self, vector_field, state0, t1, parameters)[39m
[32m    230[39m     [38;5;28;01mreturn[39;00m [38;5;28;01mTrue[39;00m, s
[32m    232[39m _, state_new = [38;5;28mself[39m.while_loop_fn(cond_fn, body_fn, init_fn(state0))
[32m    233[39m [38;5;28;01mreturn[39;00m AdaptiveIVPSolverState(
[32m    234[39m     dt_proposed=state_new.dt_proposed,
[32m--> [39m[32m235[39m     error_norm_proposed=[30;43m_inf_like[39;49m[30;43m([39;49m[30;43mstate_new[39;49m[30;43m.[39;49m[30;43merror_norm_proposed[39;49m[30;43m)[39;49m,
[32m    236[39m     proposed=_inf_like(state_new.proposed),  [38;5;66;03m# meaningless?[39;00m
[32m    237[39m     accepted=state_new.proposed,  [38;5;66;03m# holla! New! :)[39;00m
[32m    238[39m     solution=state_new.proposed,  [38;5;66;03m# Overwritten by interpolate() if necessary[39;00m
[32m    239[39m     previous=state0.accepted,  [38;5;66;03m# holla! New! :)[39;00m
[32m    240[39m     control=state_new.control,
[32m    241[39m )

[36mFile [39m[32m/opt/hostedtoolcache/Python/3.11.15/x64/lib/python3.11/site-packages/probdiffeq/_adaptive.py:311[39m, in [36m_inf_like[39m[34m(tree)[39m
[32m    310[39m [38;5;28;01mdef[39;00m[38;5;250m [39m[34m_inf_like[39m(tree):
[32m--> [39m[32m311[39m     [38;5;28;01mreturn[39;00m [30;43mjax[39;49m[30;43m.[39;49m[30;43mtree_map[39;49m([38;5;28;01mlambda[39;00m x: jnp.inf * jnp.ones_like(x), tree)

[36mFile [39m[32m/opt/hostedtoolcache/Python/3.11.15/x64/lib/python3.11/site-packages/jax/_src/deprecations.py:57[39m, in [36mdeprecation_getattr.<locals>.getattr[39m[34m(name)[39m
[32m     55[39m   warnings.warn(message, [38;5;167;01mDeprecationWarning[39;00m, stacklevel=[32m2[39m)
[32m     56[39m   [38;5;28;01mreturn[39;00m fn
[32m---> [39m[32m57[39m [38;5;28;01mraise[39;00m [38;5;167;01mAttributeError[39;00m([33mf[39m[33m"[39m[33mmodule [39m[38;5;132;01m{[39;00mmodule[38;5;132;01m!r}[39;00m[33m has no attribute [39m[38;5;132;01m{[39;00mname[38;5;132;01m!r}[39;00m[33m"[39m)

[31mAttributeError[39m: module 'jax' has no attribute 'tree_map'

